// Vitest Snapshot v1, https://vitest.dev/guide/snapshot.html

exports[`Test MobileMenu > should initialize with welcome screen and hide once user interacts 1`] = `
<div
  class="welcome-screen-center"
>
  <div
    class="welcome-screen-center__logo excalifont welcome-screen-decor"
  >
    <div
      class="ExcalidrawLogo is-small"
    >
      <svg
        aria-hidden="true"
        class="ExcalidrawLogo-icon"
        viewBox="0 0 4335 4335"
        xmlns="http://www.w3.org/2000/svg"
      >
        <defs>
          <lineargradient
            gradientUnits="userSpaceOnUse"
            id=":rd:"
            x1="2167.33"
            x2="2167.33"
            y1="381.09"
            y2="3953.83"
          >
            <stop
              offset="0"
              stop-color="#66c"
            />
            <stop
              offset=".509804"
              stop-color="#f0f"
            />
            <stop
              offset="1"
              stop-color="#f60"
            />
          </lineargradient>
        </defs>
        <path
          d="m3674 2369c-111 0-202-91-202-202s91-201 202-201 201 90 201 201-90 202-201 202zm-948 980c-32 0-58-25-58-57v-1067h-712v1263h451c31 0 57 26 57 58v350c0 32-26 58-57 58h-1017c-32 0-57-26-57-58v-350c0-32 25-58 57-58h451v-1263h-712v1067c0 76-116 76-116 0v-1067h-403l-511 511c-42 43-115-1-95-59l171-512-171-507c-20-57 53-102 95-59l511 511h403v-1067c0-76 116-76 116 0v1067h712v-1263h-451c-32 0-57-26-57-58v-350c0-32 25-58 57-58h1017c31 0 57 26 57 58v350c0 32-26 58-57 58h-451v1263h712v-1067c0-76 115-76 115 0v1067h370v-679c0-46 52-73 90-47l1066 736c33 23 33 72 0 95l-1066 736c-37 26-90-1-90-48v-678h-370v1067c0 32-25 57-57 57zm542-1808v1253l907-627zm-3076 314 99 291c4 12 4 25 0 37l-100 298 314-314zm1256-1124h901v-235h-901zm0 3107h901v-234h-901zm2226-1756c-113 0-113 171 0 171s113-171 0-171z"
          fill="url(#:rd:)"
        />
      </svg>
      <img
        alt="diagrams.free"
        class="ExcalidrawLogo-text"
        src="/logo-with-text.svg"
      />
    </div>
  </div>
  <div
    class="welcome-screen-center__heading welcome-screen-decor excalifont"
  >
    Your drawings are saved in your browser's storage.
    <br />
    Browser storage can be cleared unexpectedly.
    <br />
    Save your work to a file regularly to avoid losing it.
  </div>
  <div
    class="welcome-screen-menu"
  >
    <button
      class="welcome-screen-menu-item "
      type="button"
    >
      <div
        class="welcome-screen-menu-item__icon"
      >
        <svg
          aria-hidden="true"
          class=""
          fill="none"
          focusable="false"
          role="img"
          stroke="currentColor"
          stroke-linecap="round"
          stroke-linejoin="round"
          viewBox="0 0 20 20"
        >
          <path
            d="m9.257 6.351.183.183H15.819c.34 0 .727.182 1.051.506.323.323.505.708.505 1.05v5.819c0 .316-.183.7-.52 1.035-.337.338-.723.522-1.037.522H4.182c-.352 0-.74-.181-1.058-.5-.318-.318-.499-.705-.499-1.057V5.182c0-.351.181-.736.5-1.054.32-.321.71-.503 1.057-.503H6.53l2.726 2.726Z"
            stroke-width="1.25"
          />
        </svg>
      </div>
      <div
        class="welcome-screen-menu-item__text"
      >
        Open
      </div>
      <div
        class="welcome-screen-menu-item__shortcut"
      >
        Ctrl+O
      </div>
    </button>
    <button
      class="welcome-screen-menu-item "
      type="button"
    >
      <div
        class="welcome-screen-menu-item__icon"
      >
        <svg
          aria-hidden="true"
          class=""
          fill="none"
          focusable="false"
          role="img"
          stroke="currentColor"
          stroke-linecap="round"
          stroke-linejoin="round"
          stroke-width="2"
          viewBox="0 0 24 24"
        >
          <g
            stroke-width="1.5"
          >
            <path
              d="M0 0h24v24H0z"
              fill="none"
              stroke="none"
            />
            <circle
              cx="12"
              cy="12"
              r="9"
            />
            <line
              x1="12"
              x2="12"
              y1="17"
              y2="17.01"
            />
            <path
              d="M12 13.5a1.5 1.5 0 0 1 1 -1.5a2.6 2.6 0 1 0 -3 -4"
            />
          </g>
        </svg>
      </div>
      <div
        class="welcome-screen-menu-item__text"
      >
        Help
      </div>
      <div
        class="welcome-screen-menu-item__shortcut"
      >
        ?
      </div>
    </button>
    <button
      class="welcome-screen-menu-item "
      type="button"
    >
      <div
        class="welcome-screen-menu-item__icon"
      >
        <svg
          aria-hidden="true"
          class=""
          fill="none"
          focusable="false"
          role="img"
          stroke="currentColor"
          stroke-linecap="round"
          stroke-linejoin="round"
          stroke-width="2"
          viewBox="0 0 24 24"
        >
          <g
            stroke-width="1.5"
          >
            <path
              d="M0 0h24v24H0z"
              fill="none"
              stroke="none"
            />
            <circle
              cx="9"
              cy="7"
              r="4"
            />
            <path
              d="M3 21v-2a4 4 0 0 1 4 -4h4a4 4 0 0 1 4 4v2"
            />
            <path
              d="M16 3.13a4 4 0 0 1 0 7.75"
            />
            <path
              d="M21 21v-2a4 4 0 0 0 -3 -3.85"
            />
          </g>
        </svg>
      </div>
      <div
        class="welcome-screen-menu-item__text"
      >
        Live collaboration...
      </div>
    </button>
  </div>
</div>
`;
